src/lib/ultimateTemplate.ts(43,68): error TS1005: ',' expected.
src/lib/ultimateTemplate.ts(43,75): error TS1005: ',' expected.
src/lib/ultimateTemplate.ts(43,77): error TS1002: Unterminated string literal.
src/lib/ultimateTemplate.ts(44,7): error TS1005: ',' expected.
src/lib/ultimateTemplate.ts(62,37): error TS1005: ',' expected.
src/lib/ultimateTemplate.ts(62,48): error TS1005: ',' expected.
src/lib/ultimateTemplate.ts(62,51): error TS1005: ',' expected.
src/lib/ultimateTemplate.ts(62,60): error TS1005: ',' expected.
src/lib/ultimateTemplate.ts(62,65): error TS1005: ',' expected.
src/lib/ultimateTemplate.ts(62,71): error TS1005: ',' expected.
src/lib/ultimateTemplate.ts(62,74): error TS1005: ',' expected.
src/lib/ultimateTemplate.ts(62,80): error TS1005: ',' expected.
src/lib/ultimateTemplate.ts(62,82): error TS1002: Unterminated string literal.
src/lib/ultimateTemplate.ts(63,5): error TS1005: ':' expected.
src/lib/ultimateTemplate.ts(63,14): error TS1005: ',' expected.
src/lib/ultimateTemplate.ts(63,110): error TS1005: ':' expected.
src/lib/ultimateTemplate.ts(63,130): error TS1005: ',' expected.
src/lib/ultimateTemplate.ts(63,133): error TS1005: ',' expected.
src/lib/ultimateTemplate.ts(63,138): error TS1005: ',' expected.
src/lib/ultimateTemplate.ts(63,139): error TS1127: Invalid character.
src/lib/ultimateTemplate.ts(63,140): error TS1127: Invalid character.
src/lib/ultimateTemplate.ts(63,165): error TS1005: ':' expected.
src/lib/ultimateTemplate.ts(104,24): error TS1005: ',' expected.
src/lib/ultimateTemplate.ts(104,32): error TS1005: ',' expected.
src/lib/ultimateTemplate.ts(104,37): error TS1005: ',' expected.
src/lib/ultimateTemplate.ts(104,40): error TS1005: ',' expected.
src/lib/ultimateTemplate.ts(104,61): error TS1005: ',' expected.
src/lib/ultimateTemplate.ts(104,65): error TS1005: ',' expected.
src/lib/ultimateTemplate.ts(104,69): error TS1005: ',' expected.
src/lib/ultimateTemplate.ts(104,76): error TS1005: ',' expected.
src/lib/ultimateTemplate.ts(104,78): error TS1002: Unterminated string literal.
src/lib/ultimateTemplate.ts(105,5): error TS1005: ':' expected.
src/lib/ultimateTemplate.ts(105,14): error TS1005: ',' expected.
src/lib/ultimateTemplate.ts(105,32): error TS1005: ':' expected.
src/lib/ultimateTemplate.ts(105,44): error TS1005: ',' expected.
src/lib/ultimateTemplate.ts(105,60): error TS1005: ',' expected.
src/lib/ultimateTemplate.ts(105,82): error TS1005: ',' expected.
src/lib/ultimateTemplate.ts(105,85): error TS1005: ',' expected.
src/lib/ultimateTemplate.ts(105,96): error TS1005: ',' expected.
src/lib/ultimateTemplate.ts(105,100): error TS1005: ',' expected.
src/lib/ultimateTemplate.ts(105,108): error TS1005: ',' expected.
src/lib/ultimateTemplate.ts(105,113): error TS1005: ',' expected.
src/lib/ultimateTemplate.ts(105,117): error TS1005: ',' expected.
src/lib/ultimateTemplate.ts(105,130): error TS1005: ',' expected.
src/lib/ultimateTemplate.ts(105,133): error TS1005: ',' expected.
src/lib/ultimateTemplate.ts(105,139): error TS1005: ',' expected.
src/lib/ultimateTemplate.ts(105,140): error TS1003: Identifier expected.
src/lib/ultimateTemplate.ts(105,142): error TS1002: Unterminated string literal.
src/lib/ultimateTemplate.ts(106,5): error TS1005: ':' expected.
src/lib/ultimateTemplate.ts(106,12): error TS1005: ',' expected.
src/lib/ultimateTemplate.ts(107,3): error TS1005: ':' expected.
src/lib/ultimateTemplate.ts(145,21): error TS1005: ',' expected.
src/lib/ultimateTemplate.ts(145,29): error TS1005: ',' expected.
src/lib/ultimateTemplate.ts(145,32): error TS1005: ',' expected.
src/lib/ultimateTemplate.ts(145,40): error TS1005: ',' expected.
src/lib/ultimateTemplate.ts(145,42): error TS1002: Unterminated string literal.
src/lib/ultimateTemplate.ts(146,5): error TS1005: ':' expected.
src/lib/ultimateTemplate.ts(146,17): error TS1005: ',' expected.
src/lib/ultimateTemplate.ts(146,61): error TS1005: ':' expected.
src/lib/ultimateTemplate.ts(146,69): error TS1005: ',' expected.
src/lib/ultimateTemplate.ts(146,79): error TS1005: ',' expected.
src/lib/ultimateTemplate.ts(146,81): error TS1002: Unterminated string literal.
src/lib/ultimateTemplate.ts(147,5): error TS1005: ':' expected.
src/lib/ultimateTemplate.ts(147,14): error TS1005: ',' expected.
src/lib/ultimateTemplate.ts(147,30): error TS1005: ':' expected.
src/lib/ultimateTemplate.ts(147,40): error TS1005: ',' expected.
src/lib/ultimateTemplate.ts(147,43): error TS1005: ',' expected.
src/lib/ultimateTemplate.ts(147,50): error TS1005: ',' expected.
src/lib/ultimateTemplate.ts(147,57): error TS1005: ',' expected.
src/lib/ultimateTemplate.ts(147,61): error TS1005: ',' expected.
src/lib/ultimateTemplate.ts(147,67): error TS1005: ',' expected.
src/lib/ultimateTemplate.ts(147,72): error TS1005: ',' expected.
src/lib/ultimateTemplate.ts(147,78): error TS1005: ',' expected.
src/lib/ultimateTemplate.ts(147,82): error TS1005: ',' expected.
src/lib/ultimateTemplate.ts(147,95): error TS1005: ',' expected.
src/lib/ultimateTemplate.ts(147,102): error TS1005: ',' expected.
src/lib/ultimateTemplate.ts(147,113): error TS1005: ',' expected.
src/lib/ultimateTemplate.ts(147,122): error TS1005: ',' expected.
src/lib/ultimateTemplate.ts(147,126): error TS1005: ',' expected.
src/lib/ultimateTemplate.ts(147,137): error TS1005: ',' expected.
src/lib/ultimateTemplate.ts(147,141): error TS1005: ',' expected.
src/lib/ultimateTemplate.ts(147,146): error TS1005: ',' expected.
src/lib/ultimateTemplate.ts(147,159): error TS1005: ',' expected.
src/lib/ultimateTemplate.ts(147,160): error TS1003: Identifier expected.
src/lib/ultimateTemplate.ts(147,162): error TS1002: Unterminated string literal.
src/lib/ultimateTemplate.ts(148,5): error TS1005: ':' expected.
src/lib/ultimateTemplate.ts(148,12): error TS1005: ',' expected.
src/lib/ultimateTemplate.ts(149,3): error TS1005: ':' expected.
src/lib/ultimateTemplate.ts(158,39): error TS1005: ';' expected.
src/lib/ultimateTemplate.ts(158,52): error TS1131: Property or signature expected.
src/lib/ultimateTemplate.ts(158,60): error TS1005: ',' expected.
src/lib/ultimateTemplate.ts(158,63): error TS1005: ',' expected.
src/lib/ultimateTemplate.ts(158,66): error TS1005: ',' expected.
src/lib/ultimateTemplate.ts(158,72): error TS1005: ',' expected.
src/lib/ultimateTemplate.ts(158,74): error TS1002: Unterminated string literal.
src/lib/ultimateTemplate.ts(159,9): error TS1005: ',' expected.
src/lib/ultimateTemplate.ts(159,59): error TS1005: ',' expected.
src/lib/ultimateTemplate.ts(159,67): error TS1005: ',' expected.
src/lib/ultimateTemplate.ts(159,71): error TS1005: ',' expected.
src/lib/ultimateTemplate.ts(159,82): error TS1005: ',' expected.
src/lib/ultimateTemplate.ts(159,92): error TS1005: ',' expected.
src/lib/ultimateTemplate.ts(159,94): error TS1002: Unterminated string literal.
src/lib/ultimateTemplate.ts(160,7): error TS1005: ',' expected.
src/lib/ultimateTemplate.ts(162,15): error TS1003: Identifier expected.
src/lib/ultimateTemplate.ts(162,33): error TS1005: ':' expected.
src/lib/ultimateTemplate.ts(163,22): error TS1003: Identifier expected.
src/lib/ultimateTemplate.ts(163,69): error TS1005: ':' expected.
src/lib/ultimateTemplate.ts(164,20): error TS1181: Array element destructuring pattern expected.
src/lib/ultimateTemplate.ts(164,40): error TS1005: ':' expected.
src/lib/ultimateTemplate.ts(164,54): error TS1005: ':' expected.
src/lib/ultimateTemplate.ts(164,74): error TS1005: ':' expected.
src/lib/ultimateTemplate.ts(167,15): error TS1003: Identifier expected.
src/lib/ultimateTemplate.ts(167,25): error TS1005: ':' expected.
src/lib/ultimateTemplate.ts(167,34): error TS1005: ',' expected.
src/lib/ultimateTemplate.ts(167,36): error TS1002: Unterminated string literal.
src/lib/ultimateTemplate.ts(168,9): error TS1005: ':' expected.
src/lib/ultimateTemplate.ts(168,20): error TS1005: ',' expected.
src/lib/ultimateTemplate.ts(168,82): error TS1005: ':' expected.
src/lib/ultimateTemplate.ts(169,20): error TS1181: Array element destructuring pattern expected.
src/lib/ultimateTemplate.ts(169,37): error TS1005: ':' expected.
src/lib/ultimateTemplate.ts(169,52): error TS1005: ':' expected.
src/lib/ultimateTemplate.ts(169,74): error TS1005: ':' expected.
src/lib/ultimateTemplate.ts(172,15): error TS1003: Identifier expected.
src/lib/ultimateTemplate.ts(172,30): error TS1005: ':' expected.
src/lib/ultimateTemplate.ts(173,22): error TS1003: Identifier expected.
src/lib/ultimateTemplate.ts(173,71): error TS1005: ':' expected.
src/lib/ultimateTemplate.ts(174,20): error TS1181: Array element destructuring pattern expected.
src/lib/ultimateTemplate.ts(174,35): error TS1005: ':' expected.
src/lib/ultimateTemplate.ts(174,58): error TS1005: ':' expected.
src/lib/ultimateTemplate.ts(174,69): error TS1005: ':' expected.
src/lib/ultimateTemplate.ts(174,71): error TS1005: ',' expected.
src/lib/ultimateTemplate.ts(174,75): error TS1005: ':' expected.
src/lib/ultimateTemplate.ts(174,83): error TS1005: ',' expected.
src/lib/ultimateTemplate.ts(174,85): error TS1002: Unterminated string literal.
src/lib/ultimateTemplate.ts(175,7): error TS1005: ':' expected.
src/lib/ultimateTemplate.ts(177,15): error TS1003: Identifier expected.
src/lib/ultimateTemplate.ts(177,31): error TS1005: ':' expected.
src/lib/ultimateTemplate.ts(178,22): error TS1003: Identifier expected.
src/lib/ultimateTemplate.ts(178,75): error TS1005: ':' expected.
src/lib/ultimateTemplate.ts(179,20): error TS1181: Array element destructuring pattern expected.
src/lib/ultimateTemplate.ts(179,38): error TS1005: ':' expected.
src/lib/ultimateTemplate.ts(179,62): error TS1005: ':' expected.
src/lib/ultimateTemplate.ts(179,89): error TS1005: ':' expected.
src/lib/ultimateTemplate.ts(182,15): error TS1003: Identifier expected.
src/lib/ultimateTemplate.ts(182,33): error TS1005: ':' expected.
src/lib/ultimateTemplate.ts(183,22): error TS1003: Identifier expected.
src/lib/ultimateTemplate.ts(183,27): error TS1005: ':' expected.
src/lib/ultimateTemplate.ts(183,38): error TS1005: ',' expected.
src/lib/ultimateTemplate.ts(183,41): error TS1005: ',' expected.
src/lib/ultimateTemplate.ts(183,47): error TS1005: ',' expected.
src/lib/ultimateTemplate.ts(183,55): error TS1005: ',' expected.
src/lib/ultimateTemplate.ts(183,58): error TS1005: ',' expected.
src/lib/ultimateTemplate.ts(183,63): error TS1005: ',' expected.
src/lib/ultimateTemplate.ts(183,66): error TS1005: ',' expected.
src/lib/ultimateTemplate.ts(183,75): error TS1005: ',' expected.
src/lib/ultimateTemplate.ts(183,77): error TS1002: Unterminated string literal.
src/lib/ultimateTemplate.ts(184,9): error TS1005: ':' expected.
src/lib/ultimateTemplate.ts(184,17): error TS1005: ',' expected.
src/lib/ultimateTemplate.ts(185,7): error TS1005: ':' expected.
src/lib/ultimateTemplate.ts(186,5): error TS1128: Declaration or statement expected.
src/lib/ultimateTemplate.ts(186,6): error TS1128: Declaration or statement expected.
src/lib/ultimateTemplate.ts(188,17): error TS1005: ';' expected.
src/lib/ultimateTemplate.ts(188,24): error TS1005: ';' expected.
src/lib/ultimateTemplate.ts(188,33): error TS1434: Unexpected keyword or identifier.
src/lib/ultimateTemplate.ts(188,42): error TS1434: Unexpected keyword or identifier.
src/lib/ultimateTemplate.ts(188,48): error TS1434: Unexpected keyword or identifier.
src/lib/ultimateTemplate.ts(188,60): error TS1434: Unexpected keyword or identifier.
src/lib/ultimateTemplate.ts(188,68): error TS1434: Unexpected keyword or identifier.
src/lib/ultimateTemplate.ts(188,71): error TS1434: Unexpected keyword or identifier.
src/lib/ultimateTemplate.ts(188,82): error TS1434: Unexpected keyword or identifier.
src/lib/ultimateTemplate.ts(188,92): error TS1002: Unterminated string literal.
src/lib/ultimateTemplate.ts(190,12): error TS1005: ';' expected.
src/lib/ultimateTemplate.ts(191,3): error TS1128: Declaration or statement expected.
src/lib/ultimateTemplate.ts(191,4): error TS1128: Declaration or statement expected.
src/lib/ultimateTemplate.ts(194,14): error TS1005: ';' expected.
src/lib/ultimateTemplate.ts(195,11): error TS1005: ';' expected.
src/lib/ultimateTemplate.ts(196,15): error TS1005: ';' expected.
src/lib/ultimateTemplate.ts(197,13): error TS1005: ';' expected.
src/lib/ultimateTemplate.ts(229,14): error TS1005: ';' expected.
src/lib/ultimateTemplate.ts(230,17): error TS1005: ';' expected.
src/lib/ultimateTemplate.ts(230,24): error TS1005: ';' expected.
src/lib/ultimateTemplate.ts(230,34): error TS1434: Unexpected keyword or identifier.
src/lib/ultimateTemplate.ts(230,42): error TS1434: Unexpected keyword or identifier.
src/lib/ultimateTemplate.ts(230,47): error TS1434: Unexpected keyword or identifier.
src/lib/ultimateTemplate.ts(230,56): error TS1434: Unexpected keyword or identifier.
src/lib/ultimateTemplate.ts(230,59): error TS1434: Unexpected keyword or identifier.
src/lib/ultimateTemplate.ts(230,70): error TS1434: Unexpected keyword or identifier.
src/lib/ultimateTemplate.ts(230,76): error TS1434: Unexpected keyword or identifier.
src/lib/ultimateTemplate.ts(230,86): error TS1002: Unterminated string literal.
src/lib/ultimateTemplate.ts(231,54): error TS1005: ';' expected.
src/lib/ultimateTemplate.ts(231,60): error TS1434: Unexpected keyword or identifier.
src/lib/ultimateTemplate.ts(231,64): error TS1434: Unexpected keyword or identifier.
src/lib/ultimateTemplate.ts(231,76): error TS1434: Unexpected keyword or identifier.
src/lib/ultimateTemplate.ts(231,81): error TS1434: Unexpected keyword or identifier.
src/lib/ultimateTemplate.ts(231,88): error TS1434: Unexpected keyword or identifier.
src/lib/ultimateTemplate.ts(231,90): error TS1434: Unexpected keyword or identifier.
src/lib/ultimateTemplate.ts(231,96): error TS1434: Unexpected keyword or identifier.
src/lib/ultimateTemplate.ts(231,105): error TS1434: Unexpected keyword or identifier.
src/lib/ultimateTemplate.ts(231,108): error TS1434: Unexpected keyword or identifier.
src/lib/ultimateTemplate.ts(231,118): error TS1434: Unexpected keyword or identifier.
src/lib/ultimateTemplate.ts(231,133): error TS1003: Identifier expected.
src/lib/ultimateTemplate.ts(231,135): error TS1002: Unterminated string literal.
src/lib/ultimateTemplate.ts(233,4): error TS1128: Declaration or statement expected.
src/lib/ultimateTemplate.ts(234,3): error TS1005: 'export' expected.
src/lib/ultimateTemplate.ts(234,10): error TS1128: Declaration or statement expected.
src/lib/ultimateTemplate.ts(236,14): error TS1005: ';' expected.
src/lib/ultimateTemplate.ts(237,11): error TS1005: ';' expected.
src/lib/ultimateTemplate.ts(238,15): error TS1005: ';' expected.
src/lib/ultimateTemplate.ts(239,13): error TS1005: ';' expected.
src/lib/ultimateTemplate.ts(243,55): error TS1005: ',' expected.
src/lib/ultimateTemplate.ts(243,61): error TS1005: ',' expected.
src/lib/ultimateTemplate.ts(243,65): error TS1005: ',' expected.
src/lib/ultimateTemplate.ts(243,72): error TS1005: ',' expected.
src/lib/ultimateTemplate.ts(243,78): error TS1005: ',' expected.
src/lib/ultimateTemplate.ts(243,80): error TS1002: Unterminated string literal.
src/lib/ultimateTemplate.ts(244,7): error TS1005: ',' expected.
src/lib/ultimateTemplate.ts(271,14): error TS1005: ';' expected.
src/lib/ultimateTemplate.ts(271,45): error TS1005: ';' expected.
src/lib/ultimateTemplate.ts(271,45): error TS1434: Unexpected keyword or identifier.
src/lib/ultimateTemplate.ts(271,57): error TS1002: Unterminated string literal.
src/lib/ultimateTemplate.ts(272,24): error TS1005: ';' expected.
src/lib/ultimateTemplate.ts(272,33): error TS1434: Unexpected keyword or identifier.
src/lib/ultimateTemplate.ts(272,36): error TS1434: Unexpected keyword or identifier.
src/lib/ultimateTemplate.ts(272,39): error TS1434: Unexpected keyword or identifier.
src/lib/ultimateTemplate.ts(272,47): error TS1434: Unexpected keyword or identifier.
src/lib/ultimateTemplate.ts(272,50): error TS1434: Unexpected keyword or identifier.
src/lib/ultimateTemplate.ts(272,54): error TS1127: Invalid character.
src/lib/ultimateTemplate.ts(272,55): error TS1127: Invalid character.
src/lib/ultimateTemplate.ts(273,14): error TS1005: ';' expected.
src/lib/ultimateTemplate.ts(273,88): error TS1005: ';' expected.
src/lib/ultimateTemplate.ts(273,105): error TS1005: ';' expected.
src/lib/ultimateTemplate.ts(273,114): error TS1434: Unexpected keyword or identifier.
src/lib/ultimateTemplate.ts(273,119): error TS1127: Invalid character.
src/lib/ultimateTemplate.ts(273,120): error TS1127: Invalid character.
src/lib/ultimateTemplate.ts(274,12): error TS1005: ';' expected.
src/lib/ultimateTemplate.ts(276,1): error TS1128: Declaration or statement expected.
src/lib/ultimateTemplate.ts(329,46): error TS1005: ',' expected.
src/lib/ultimateTemplate.ts(329,50): error TS1005: ',' expected.
src/lib/ultimateTemplate.ts(329,58): error TS1005: ',' expected.
src/lib/ultimateTemplate.ts(329,62): error TS1005: ',' expected.
src/lib/ultimateTemplate.ts(329,65): error TS1127: Invalid character.
src/lib/ultimateTemplate.ts(329,66): error TS1127: Invalid character.
src/lib/ultimateTemplate.ts(329,169): error TS1005: ':' expected.
src/lib/ultimateTemplate.ts(337,49): error TS1005: ',' expected.
src/lib/ultimateTemplate.ts(337,60): error TS1005: ',' expected.
src/lib/ultimateTemplate.ts(337,63): error TS1005: ',' expected.
src/lib/ultimateTemplate.ts(337,69): error TS1005: ',' expected.
src/lib/ultimateTemplate.ts(337,71): error TS1005: ',' expected.
src/lib/ultimateTemplate.ts(337,74): error TS1005: ',' expected.
src/lib/ultimateTemplate.ts(337,77): error TS1005: ',' expected.
src/lib/ultimateTemplate.ts(337,83): error TS1005: ',' expected.
src/lib/ultimateTemplate.ts(337,93): error TS1005: ',' expected.
src/lib/ultimateTemplate.ts(337,98): error TS1005: ',' expected.
src/lib/ultimateTemplate.ts(337,105): error TS1005: ',' expected.
src/lib/ultimateTemplate.ts(337,108): error TS1005: ',' expected.
src/lib/ultimateTemplate.ts(337,113): error TS1005: ',' expected.
src/lib/ultimateTemplate.ts(337,122): error TS1005: ',' expected.
src/lib/ultimateTemplate.ts(337,130): error TS1005: ',' expected.
src/lib/ultimateTemplate.ts(337,132): error TS1005: ',' expected.
src/lib/ultimateTemplate.ts(337,138): error TS1005: ',' expected.
src/lib/ultimateTemplate.ts(337,139): error TS1127: Invalid character.
src/lib/ultimateTemplate.ts(337,140): error TS1127: Invalid character.
src/lib/ultimateTemplate.ts(337,150): error TS1005: ':' expected.
